// Jest Snapshot v1, https://goo.gl/fbAQLP

exports[`<Cards /> Should render table 1`] = `
<Table
  className="ui compact table"
  columns={Object {}}
  data={Object {}}
  hideBottomPaginator={false}
  noDataMessage="There is no data"
  perPage={50}
  showRowNumber={true}
/>
`;
