// Jest Snapshot v1, https://goo.gl/fbAQLP

exports[`<SideMenu /> Should render menu 1`] = `
<Menu
  fluid={true}
  size="massive"
  vertical={true}
>
  <MenuItem>
    <MenuHeader>
      Словарь
    </MenuHeader>
    <MenuMenu>
      <withProps(Link)
        to="/user/cards"
      >
        <Icon
          type="books"
        />
        Мои слова
        <div
          className="ui label"
        >
          3
        </div>
      </withProps(Link)>
    </MenuMenu>
  </MenuItem>
  <MenuItem>
    <MenuHeader>
      Изучение
    </MenuHeader>
    <MenuMenu>
      <withProps(Link)
        to="/user/remember"
      >
        <Icon
          type="bubble2"
        />
        Запоминание
        <div
          className="ui label"
        >
          12
        </div>
      </withProps(Link)>
      <withProps(Link)
        to="/user/write"
      >
        <Icon
          type="pencil2"
        />
        Написание
        <div
          className="ui label"
        >
          7
        </div>
      </withProps(Link)>
      <withProps(Link)
        to="/user/mp3"
      >
        <Icon
          type="headphones"
        />
        Скачать MP3
      </withProps(Link)>
    </MenuMenu>
  </MenuItem>
  <MenuItem>
    <MenuHeader>
      Справочно
    </MenuHeader>
    <MenuMenu>
      <withProps(Link)
        to="/user/statistics"
      >
        <Icon
          type="stats-dots"
        />
        Статистика
      </withProps(Link)>
    </MenuMenu>
  </MenuItem>
  <MenuItem>
    <MenuHeader>
      Настройки
    </MenuHeader>
    <MenuMenu>
      <withProps(Link)
        to="/user/tasks"
      >
        Задачи
      </withProps(Link)>
      <withProps(Link)
        to="/user/base"
      >
        База слов
      </withProps(Link)>
    </MenuMenu>
  </MenuItem>
</Menu>
`;
